<?xml version="1.0" encoding="UTF-8"?>
<jcr:root xmlns:jcr="http://www.jcp.org/jcr/1.0" xmlns:nt="http://www.jcp.org/jcr/nt/1.0" xmlns:cq="http://www.day.com/jcr/cq/1.0" xmlns:sling="http://sling.apache.org/jcr/sling/1.0" jcr:primaryType="cq:Page">
    <jcr:content cq:template="/libs/core/franklin/templates/page" jcr:primaryType="cq:PageContent" jcr:title="Sites Franklin Example" sling:resourceType="core/franklin/components/page/v1/page">
        <root jcr:primaryType="nt:unstructured" sling:resourceType="core/franklin/components/root/v1/root">
            <section sling:resourceType="core/franklin/components/section/v1/section" jcr:primaryType="nt:unstructured">
                <block sling:resourceType="core/franklin/components/block/v1/block" jcr:primaryType="nt:unstructured" name="Simple Block" text="This is a simple block." model="simple-block"/>
                <block_0 sling:resourceType="core/franklin/components/block/v1/block" jcr:primaryType="nt:unstructured" name="Cards" filter="card" classes="[alpha]" model="cards">
                    <item jcr:primaryType="nt:unstructured" name="Card" image="/content/dam/test12/unmatched-speed.png" text="&lt;p>&lt;strong>Content at scale&lt;/strong>&lt;/p>&lt;p>AEM allows you to publish more content in shorter time with smaller teams&lt;/p>" model="card"/>
                    <item_0 jcr:primaryType="nt:unstructured" name="Card" image="/content/dam/test12/content-at-scale.png" text="&lt;p>&lt;strong>Unmatched speed&lt;/strong>&lt;/p>&lt;p>AEM is the fastest way to publish, create, and serve websites&lt;/p>" model="card"/>
                    <item_1 jcr:primaryType="nt:unstructured" name="Card" image="/content/dam/test12/uncertainty-eliminated.png" text="&lt;p>&lt;strong>Uncertainty eliminated&lt;/strong>&lt;/p>&lt;p>Preview content at 100% fidelity, get predictable content velocity, and shorten project durations&lt;/p>" model="card"/>
                    <item_2 jcr:primaryType="nt:unstructured" name="Card" image="/content/dam/test12/widen-the-talent-pool.png" text="&lt;p>&lt;strong>Widen the talent pool&lt;/strong>&lt;/p>&lt;p>Authors on AEM use Microsoft Word, Excel or Google Docs and need no training&lt;/p>" model="card"/>
                    <item_3 jcr:primaryType="nt:unstructured" name="Card" image="/content/dam/test12/low-code-way-to-developer-productivity.png" text="&lt;p>&lt;strong>The low-code way to developer productivity&lt;/strong>&lt;/p>&lt;p>Say goodbye to complex APIs spanning multiple languages. Anyone with a little bit of HTML, CSS, and JS can build a site on AEM.&lt;/p>" model="card"/>
                    <item_4 jcr:primaryType="nt:unstructured" name="Card" image="/content/dam/test12/headless-is-here.png" text="&lt;p>&lt;strong>Headless is here&lt;/strong>&lt;/p>&lt;p>Go directly from Microsoft Excel or Google Sheets to the web in mere seconds. Sanitize and collect form data at extreme scale with AEM Forms.&lt;/p>" model="card"/>
                    <item_5 jcr:primaryType="nt:unstructured" name="Card" image="/content/dam/test12/peak-performance.png" text="&lt;p>&lt;strong>Peak performance&lt;/strong>&lt;/p>&lt;p>Use AEM's serverless architecture to meet any traffic need. Use AEM's PageSpeed Insights Github action to evaluate every Pull-Request for Lighthouse Score.&lt;/p>" model="card"/>
                </block_0>
            </section>
        </root>
    </jcr:content>
</jcr:root>