<?xml version="1.0" encoding="UTF-8"?>
<jcr:root xmlns:jcr="http://www.jcp.org/jcr/1.0" xmlns:nt="http://www.jcp.org/jcr/nt/1.0" xmlns:cq="http://www.day.com/jcr/cq/1.0" xmlns:sling="http://sling.apache.org/jcr/sling/1.0" jcr:primaryType="cq:Page">
    <jcr:content cq:template="/libs/core/franklin/templates/page" jcr:primaryType="cq:PageContent" jcr:title="Sites Franklin Example" sling:resourceType="core/franklin/components/page/v1/page">
        <root jcr:primaryType="nt:unstructured" sling:resourceType="core/franklin/components/root/v1/root">
            <section sling:resourceType="core/franklin/components/section/v1/section" jcr:primaryType="nt:unstructured">
                <button sling:resourceType="core/franklin/components/button/v1/button" jcr:primaryType="nt:unstructured" type="primary" href="/content/franklin-components/button" text="Primary Button" title="This is a Primary Button"/>
                <button_0 sling:resourceType="core/franklin/components/button/v1/button" jcr:primaryType="nt:unstructured" type="secondary" href="https://www.adobe.com/express/?promoid=DZTGZSWP&amp;mv=other" text="Secondary Button" title="This is a Secondary Button"/>
                <button_1 sling:resourceType="core/franklin/components/button/v1/button" jcr:primaryType="nt:unstructured" href="/foo/bar" text="Default Button" title="This is a Default Button"/>
            </section>
        </root>
    </jcr:content>
</jcr:root>