<?xml version="1.0" encoding="UTF-8"?>
<jcr:root xmlns:jcr="http://www.jcp.org/jcr/1.0" xmlns:nt="http://www.jcp.org/jcr/nt/1.0" xmlns:cq="http://www.day.com/jcr/cq/1.0" xmlns:sling="http://sling.apache.org/jcr/sling/1.0" jcr:primaryType="cq:Page">
    <jcr:content cq:template="/libs/core/franklin/templates/page" jcr:primaryType="cq:PageContent" jcr:title="Sites Franklin Example" sling:resourceType="core/franklin/components/page/v1/page">
        <root jcr:primaryType="nt:unstructured" sling:resourceType="core/franklin/components/root/v1/root">
            <section sling:resourceType="core/franklin/components/section/v1/section" jcr:primaryType="nt:unstructured">
                <title sling:resourceType="core/franklin/components/title/v1/title" jcr:primaryType="nt:unstructured" jcr:title="Lorem ipsum" type="h1"/>
                <title_0 sling:resourceType="core/franklin/components/title/v1/title" jcr:primaryType="nt:unstructured" jcr:title="Lorem &amp; ipsum" type="h2"/>
                <title_1 sling:resourceType="core/franklin/components/title/v1/title" jcr:primaryType="nt:unstructured" jcr:title="Lorem ipsum" type="h3"/>
                <title_2 sling:resourceType="core/franklin/components/title/v1/title" jcr:primaryType="nt:unstructured" jcr:title="Lorem ipsum" type="h4"/>
                <title_3 sling:resourceType="core/franklin/components/title/v1/title" jcr:primaryType="nt:unstructured" jcr:title="Lorem ipsum" type="h5"/>
            </section>
        </root>
    </jcr:content>
</jcr:root>