<?xml version="1.0" encoding="UTF-8"?>
<jcr:root xmlns:jcr="http://www.jcp.org/jcr/1.0" xmlns:nt="http://www.jcp.org/jcr/nt/1.0" xmlns:cq="http://www.day.com/jcr/cq/1.0" xmlns:sling="http://sling.apache.org/jcr/sling/1.0" jcr:primaryType="cq:Page">
    <jcr:content cq:template="/libs/core/franklin/templates/page" jcr:primaryType="cq:PageContent" sling:resourceType="core/franklin/components/page/v1/page" jcr:title="Test Page &amp; Content" jcr:description="Test description" datetime="2024-04-23T15:53:00.000+02:00" cq:robotsTags="[index,follow]" keywords="[foo,bar,lorem &amp; ipsum]" topics="[one,two,three]" authorTitle="John Doe" abstract="Lorem ipsum dolor sit amet, consectetur adipiscing elit. Nulla eu purus id tellus consequat pharetra. Fusce blandit felis ut dui congue, cursus suscipit est hendrerit." template="salescontent">
        <root jcr:primaryType="nt:unstructured" sling:resourceType="core/franklin/components/root/v1/root"/>
        <image jcr:primaryType="nt:unstructured" fileReference="/content/dam/asset.jpg"/>
    </jcr:content>
</jcr:root>