<?xml version="1.0" encoding="UTF-8"?>
<jcr:root xmlns:jcr="http://www.jcp.org/jcr/1.0" xmlns:nt="http://www.jcp.org/jcr/nt/1.0" xmlns:cq="http://www.day.com/jcr/cq/1.0" xmlns:sling="http://sling.apache.org/jcr/sling/1.0" jcr:primaryType="cq:Page">
    <jcr:content cq:template="/libs/core/franklin/templates/page" jcr:primaryType="cq:PageContent" jcr:title="Sites Franklin Example" sling:resourceType="core/franklin/components/page/v1/page">
        <root jcr:primaryType="nt:unstructured" sling:resourceType="core/franklin/components/root/v1/root">
            <section sling:resourceType="core/franklin/components/section/v1/section" jcr:primaryType="nt:unstructured" style="first">
                <text sling:resourceType="core/franklin/components/text/v1/text" jcr:primaryType="nt:unstructured" text="&lt;p>Neque porro quisquam est qui dolorem ipsum quia dolor sit amet, consectetur, adipisci velit...&lt;br>There is no one who loves pain itself, who seeks after it and wants to have it, simply because it is pain...&lt;/p>"/>
            </section>
            <section_0 sling:resourceType="core/franklin/components/section/v1/section" jcr:primaryType="nt:unstructured" style="second">
                <block sling:resourceType="core/franklin/components/block/v1/block" jcr:primaryType="nt:unstructured" name="Simple Block" text="This is a simple block." model="simple-block"/>
            </section_0>
            <section_1 sling:resourceType="core/franklin/components/section/v1/section" jcr:primaryType="nt:unstructured">
                <text sling:resourceType="core/franklin/components/text/v1/text" jcr:primaryType="nt:unstructured" text="&lt;p>Lorem ipsum&lt;/p>"/>
            </section_1>
        </root>
    </jcr:content>
</jcr:root>