<?xml version="1.0" encoding="UTF-8"?>
<jcr:root xmlns:jcr="http://www.jcp.org/jcr/1.0" xmlns:nt="http://www.jcp.org/jcr/nt/1.0" xmlns:cq="http://www.day.com/jcr/cq/1.0" xmlns:sling="http://sling.apache.org/jcr/sling/1.0" jcr:primaryType="cq:Page">
    <jcr:content cq:template="/libs/core/franklin/templates/page" jcr:primaryType="cq:PageContent" jcr:title="Sites Franklin Example" sling:resourceType="core/franklin/components/page/v1/page">
        <root jcr:primaryType="nt:unstructured" sling:resourceType="core/franklin/components/root/v1/root">
            <section sling:resourceType="core/franklin/components/section/v1/section" jcr:primaryType="nt:unstructured">
                <image sling:resourceType="core/franklin/components/image/v1/image" jcr:primaryType="nt:unstructured" alt="Image Alt" fileReference="/content/dam/asset.jpg"/>
                <text sling:resourceType="core/franklin/components/text/v1/text" jcr:primaryType="nt:unstructured" text="&lt;p>Neque porro quisquam est qui dolorem ipsum quia dolor sit amet, consectetur, adipisci velit...&lt;br>There is no one who loves pain itself, who seeks after it and wants to have it, simply because it is pain...&lt;/p>&lt;p>Neque porro quisquam est qui dolorem ipsum quia dolor sit amet, consectetur, adipisci velit...&lt;br>There is no one who loves pain itself, who seeks after it and wants to have it, simply because it is pain...&lt;/p>"/>
                <title sling:resourceType="core/franklin/components/title/v1/title" jcr:primaryType="nt:unstructured" jcr:title="Headline between text" type="h2"/>
                <text_1 sling:resourceType="core/franklin/components/text/v1/text" jcr:primaryType="nt:unstructured" text="&lt;p>Neque porro quisquam est qui dolorem ipsum quia dolor sit amet, consectetur, adipisci velit...&lt;br>There is no one who loves pain itself, who seeks after it and wants to have it, simply because it is pain...&lt;/p>"/>
            </section>
        </root>
    </jcr:content>
</jcr:root>