<body>
  <h1>Hello World</h1>
  <img src="https://wwww.sample.com/image1.png">
  <img src="https://wwww.sample.com/image2.png?p=v&amp;p1=v1">
  <img src="https://wwww.sample.com/path/image3.png">
  <img src="https://wwww.sample.com/path/image4.png?p=v&amp;p1=v1">
  <img src="https://wwww.sample.com/go/to/image5.png">
  <img src="https://wwww.sample.com/path/go/to/image6.png">
  <img src="https://wwww.sample.com/image7.png">
  <img src="https://wwww.sample.com/image8.png?p=v&amp;p1=v1">
  <img src="https://wwww.sample.com/go/to/image9.png">
  <img src="https://wwww.anotherhost.com/image10.png">
</body>