<body>
  <h1>Hello World</h1>
  <div style="">
    <img src="https://wwww.sample.com/image1.png">
    <span>some content here</span>
  </div>
  <div style="">
    <img src="https://wwww.sample.com/path/image2.png">
  </div>
  <div style="width: 100%;">
    <img src="https://www.anotherhost.com/image3.png">
  </div>
</body>