<body>
  <h1>Hello World</h1><span>:icon1:</span>
  <p>This is text with an icon <span>:icon2:</span></p>
</body>