<body>
  <h1>Hello World</h1>
  <table>
    <tr>
      <th colspan="2">Metadata</th>
    </tr>
    <tr>
      <td>Title</td>
      <td>Page title</td>
    </tr>
    <tr>
      <td>Description</td>
      <td>Page description</td>
    </tr>
  </table>
</body>