<body>
  <h1>Hello World</h1>
  <table>
    <tr>
      <th colspan="2">Metadata</th>
    </tr>
    <tr>
      <td>Image</td>
      <td><img src="https://wwww.sample.com/img.png" alt="This is the image alt text"></td>
    </tr>
  </table>
</body>