<body>
  <h1>Hello World</h1>
  <table>
    <tr>
      <th colspan="2">Metadata</th>
    </tr>
    <tr>
      <td>Title</td>
      <td>Page title - tite element</td>
    </tr>
    <tr>
      <td>Description</td>
      <td>Page description - description meta</td>
    </tr>
    <tr>
      <td>Image</td>
      <td><img src="https://wwww.sample.com/path/img-og.png" alt="This is the image alt text - og:image:alt meta"></td>
    </tr>
    <tr>
      <td>og:title</td>
      <td>Page title - og:title meta</td>
    </tr>
    <tr>
      <td>og:description</td>
      <td>Page description - og:description meta</td>
    </tr>
    <tr>
      <td>twitter:title</td>
      <td>Page title - twitter:title meta</td>
    </tr>
    <tr>
      <td>twitter:description</td>
      <td>Page description - twitter:description meta</td>
    </tr>
    <tr>
      <td>twitter:image</td>
      <td><img src="https://wwww.sample.com/path/img-twitter.png" alt="This is the image alt text - twitter:image:alt meta"></td>
    </tr>
  </table>
</body>